---
source: test-harness/src/harness.rs
expression: snapshot
info:
  kind:
    Translate:
      backend: fstar
  info:
    name: cyclic-modules
    manifest: cyclic-modules/Cargo.toml
    description: ~
  spec:
    optional: false
    broken: false
    issue_id: ~
    positive: true
    snapshot:
      stderr: false
      stdout: true
    include_flag: ~
    backend_options: ~
---
exit = 0

[stdout]
diagnostics = []

[stdout.files]
"Cyclic_modules.B.fst" = '''
module Cyclic_modules.B
#set-options "--fuel 0 --ifuel 1 --z3rlimit 15"
open Core
open FStar.Mul

include Cyclic_modules.Bundle {g as g}
'''
"Cyclic_modules.Bundle.fst" = '''
module Cyclic_modules.Bundle
#set-options "--fuel 0 --ifuel 1 --z3rlimit 15"
open Core
open FStar.Mul

let f (_: Prims.unit) : Prims.unit = ()

let h2 (_: Prims.unit) : Prims.unit = Cyclic_modules.C.i ()

let g (_: Prims.unit) : Prims.unit = f ()

let h (_: Prims.unit) : Prims.unit =
  let _:Prims.unit = g () in
  Cyclic_modules.C.i ()
'''
"Cyclic_modules.Bundle_d.fst" = '''
module Cyclic_modules.Bundle_d
#set-options "--fuel 0 --ifuel 1 --z3rlimit 15"
open Core
open FStar.Mul

let d1 (_: Prims.unit) : Prims.unit = ()

let e1 (_: Prims.unit) : Prims.unit = d1 ()

let de1 (_: Prims.unit) : Prims.unit = e1 ()

let d2 (_: Prims.unit) : Prims.unit = de1 ()
'''
"Cyclic_modules.Bundle_disjoint_cycle_a.fst" = '''
module Cyclic_modules.Bundle_disjoint_cycle_a
#set-options "--fuel 0 --ifuel 1 --z3rlimit 15"
open Core
open FStar.Mul

let g (_: Prims.unit) : Prims.unit = ()

let h (_: Prims.unit) : Prims.unit = ()

let f (_: Prims.unit) : Prims.unit = h ()

let i (_: Prims.unit) : Prims.unit = g ()
'''
"Cyclic_modules.Bundle_enums_a.fst" = '''
module Cyclic_modules.Bundle_enums_a
#set-options "--fuel 0 --ifuel 1 --z3rlimit 15"
open Core
open FStar.Mul

type t_U =
  | U_A : t_U
  | U_B : t_U
  | U_C : Alloc.Vec.t_Vec t_T Alloc.Alloc.t_Global -> t_U

and t_T__from__enums_b =
  | T_A : t_T__from__enums_b
  | T_B : t_T__from__enums_b
  | T_C : Alloc.Vec.t_Vec t_T Alloc.Alloc.t_Global -> t_T__from__enums_b

and t_T =
  | T_A__from__enums_a : t_T
  | T_B__from__enums_a : t_T
  | T_C__from__enums_a : Alloc.Vec.t_Vec t_U Alloc.Alloc.t_Global -> t_T
  | T_D : Alloc.Vec.t_Vec t_T__from__enums_b Alloc.Alloc.t_Global -> t_T

let f (_: Prims.unit) : t_T__from__enums_b = T_A <: t_T__from__enums_b
'''
"Cyclic_modules.Bundle_late_skip_a.fst" = '''
module Cyclic_modules.Bundle_late_skip_a
#set-options "--fuel 0 --ifuel 1 --z3rlimit 15"
open Core
open FStar.Mul

let rec f (_: Prims.unit) : Prims.Pure Prims.unit (requires true) (fun _ -> Prims.l_True) =
  f__from__late_skip_a ()

and f__from__late_skip_a (_: Prims.unit) : Prims.unit = f ()
'''
"Cyclic_modules.Bundle_m1.fst" = '''
module Cyclic_modules.Bundle_m1
#set-options "--fuel 0 --ifuel 1 --z3rlimit 15"
open Core
open FStar.Mul

let d (_: Prims.unit) : Prims.unit = ()

let c (_: Prims.unit) : Prims.unit = ()

let a (_: Prims.unit) : Prims.unit = c ()

let b (_: Prims.unit) : Prims.unit =
  let _:Prims.unit = a () in
  d ()
'''
"Cyclic_modules.Bundle_rec1_same_name.fst" = '''
module Cyclic_modules.Bundle_rec1_same_name
#set-options "--fuel 0 --ifuel 1 --z3rlimit 15"
open Core
open FStar.Mul

let rec f (x: i32) : i32 =
  if x >. mk_i32 0 then f__from__rec1_same_name (x -! mk_i32 1 <: i32) else mk_i32 0

and f__from__rec1_same_name (x: i32) : i32 = f x
'''
"Cyclic_modules.Bundle_typ_a.fst" = '''
module Cyclic_modules.Bundle_typ_a
#set-options "--fuel 0 --ifuel 1 --z3rlimit 15"
open Core
open FStar.Mul

type t_T1 = | T1_T1 : t_T1

type t_T = | T_T : t_T1 -> t_T

let t_T1_cast_to_repr (x: t_T1) : isize = match x <: t_T1 with | T1_T1  -> mk_isize 0

type t_T2 = | T2_T2 : t_T -> t_T2

type t_T2Rec = | T2Rec_T2 : t_TRec -> t_T2Rec

and t_T1Rec = | T1Rec_T1 : Alloc.Boxed.t_Box t_T2Rec Alloc.Alloc.t_Global -> t_T1Rec

and t_TRec =
  | TRec_T : t_T1Rec -> t_TRec
  | TRec_Empty : t_TRec
'''
"Cyclic_modules.Bundle_variant_constructor_a.fst" = '''
module Cyclic_modules.Bundle_variant_constructor_a
#set-options "--fuel 0 --ifuel 1 --z3rlimit 15"
open Core
open FStar.Mul

type t_Context =
  | Context_A : i32 -> t_Context
  | Context_B : i32 -> t_Context

let impl__test (x: Core.Option.t_Option i32) : Core.Option.t_Option t_Context =
  Core.Option.impl__map #i32 #t_Context x Context_A

let h (_: Prims.unit) : t_Context = Context_A (mk_i32 1) <: t_Context

let f (_: Prims.unit) : t_Context = h ()
'''
"Cyclic_modules.C.fst" = '''
module Cyclic_modules.C
#set-options "--fuel 0 --ifuel 1 --z3rlimit 15"
open Core
open FStar.Mul

let i (_: Prims.unit) : Prims.unit = ()
'''
"Cyclic_modules.D.fst" = '''
module Cyclic_modules.D
#set-options "--fuel 0 --ifuel 1 --z3rlimit 15"
open Core
open FStar.Mul

include Cyclic_modules.Bundle_d {d1 as d1}

include Cyclic_modules.Bundle_d {d2 as d2}
'''
"Cyclic_modules.De.fst" = '''
module Cyclic_modules.De
#set-options "--fuel 0 --ifuel 1 --z3rlimit 15"
open Core
open FStar.Mul

include Cyclic_modules.Bundle_d {de1 as de1}
'''
"Cyclic_modules.Disjoint_cycle_a.fst" = '''
module Cyclic_modules.Disjoint_cycle_a
#set-options "--fuel 0 --ifuel 1 --z3rlimit 15"
open Core
open FStar.Mul

include Cyclic_modules.Bundle_disjoint_cycle_a {f as f}

include Cyclic_modules.Bundle_disjoint_cycle_a {g as g}
'''
"Cyclic_modules.Disjoint_cycle_b.fst" = '''
module Cyclic_modules.Disjoint_cycle_b
#set-options "--fuel 0 --ifuel 1 --z3rlimit 15"
open Core
open FStar.Mul

include Cyclic_modules.Bundle_disjoint_cycle_a {h as h}

include Cyclic_modules.Bundle_disjoint_cycle_a {i as i}
'''
"Cyclic_modules.E.fst" = '''
module Cyclic_modules.E
#set-options "--fuel 0 --ifuel 1 --z3rlimit 15"
open Core
open FStar.Mul

include Cyclic_modules.Bundle_d {e1 as e1}
'''
"Cyclic_modules.Enums_a.fst" = '''
module Cyclic_modules.Enums_a
#set-options "--fuel 0 --ifuel 1 --z3rlimit 15"
open Core
open FStar.Mul

include Cyclic_modules.Bundle_enums_a {t_T as t_T}

include Cyclic_modules.Bundle_enums_a {T_A__from__enums_a as T_A}

include Cyclic_modules.Bundle_enums_a {T_B__from__enums_a as T_B}

include Cyclic_modules.Bundle_enums_a {T_C__from__enums_a as T_C}

include Cyclic_modules.Bundle_enums_a {T_D as T_D}
'''
"Cyclic_modules.Enums_b.fst" = '''
module Cyclic_modules.Enums_b
#set-options "--fuel 0 --ifuel 1 --z3rlimit 15"
open Core
open FStar.Mul

include Cyclic_modules.Bundle_enums_a {t_U as t_U}

include Cyclic_modules.Bundle_enums_a {U_A as U_A}

include Cyclic_modules.Bundle_enums_a {U_B as U_B}

include Cyclic_modules.Bundle_enums_a {U_C as U_C}

include Cyclic_modules.Bundle_enums_a {t_T__from__enums_b as t_T}

include Cyclic_modules.Bundle_enums_a {T_A as T_A}

include Cyclic_modules.Bundle_enums_a {T_B as T_B}

include Cyclic_modules.Bundle_enums_a {T_C as T_C}

include Cyclic_modules.Bundle_enums_a {f as f}
'''
"Cyclic_modules.Late_skip_a.fst" = '''
module Cyclic_modules.Late_skip_a
#set-options "--fuel 0 --ifuel 1 --z3rlimit 15"
open Core
open FStar.Mul

include Cyclic_modules.Bundle_late_skip_a {f__from__late_skip_a as f}
'''
"Cyclic_modules.Late_skip_b.fst" = '''
module Cyclic_modules.Late_skip_b
#set-options "--fuel 0 --ifuel 1 --z3rlimit 15"
open Core
open FStar.Mul

include Cyclic_modules.Bundle_late_skip_a {f as f}
'''
"Cyclic_modules.M1.fst" = '''
module Cyclic_modules.M1
#set-options "--fuel 0 --ifuel 1 --z3rlimit 15"
open Core
open FStar.Mul

include Cyclic_modules.Bundle_m1 {a as a}
'''
"Cyclic_modules.M2.fst" = '''
module Cyclic_modules.M2
#set-options "--fuel 0 --ifuel 1 --z3rlimit 15"
open Core
open FStar.Mul

include Cyclic_modules.Bundle_m1 {d as d}

include Cyclic_modules.Bundle_m1 {b as b}

include Cyclic_modules.Bundle_m1 {c as c}
'''
"Cyclic_modules.Rec.fst" = '''
module Cyclic_modules.Rec
#set-options "--fuel 0 --ifuel 1 --z3rlimit 15"
open Core
open FStar.Mul

type t_T =
  | T_t1 : t_T
  | T_t2 : t_T

let t_T_cast_to_repr (x: t_T) : isize =
  match x <: t_T with
  | T_t1  -> mk_isize 0
  | T_t2  -> mk_isize 1

let rec hf (x: t_T) : t_T =
  match x <: t_T with
  | T_t1  -> hf (T_t2 <: t_T)
  | T_t2  -> x

let rec g2 (x: t_T) : t_T =
  match x <: t_T with
  | T_t1  -> g1 x
  | T_t2  -> hf x

and g1 (x: t_T) : t_T =
  match x <: t_T with
  | T_t1  -> g2 x
  | T_t2  -> T_t1 <: t_T
'''
"Cyclic_modules.Rec1_same_name.fst" = '''
module Cyclic_modules.Rec1_same_name
#set-options "--fuel 0 --ifuel 1 --z3rlimit 15"
open Core
open FStar.Mul

include Cyclic_modules.Bundle_rec1_same_name {f__from__rec1_same_name as f}
'''
"Cyclic_modules.Rec2_same_name.fst" = '''
module Cyclic_modules.Rec2_same_name
#set-options "--fuel 0 --ifuel 1 --z3rlimit 15"
open Core
open FStar.Mul

include Cyclic_modules.Bundle_rec1_same_name {f as f}
'''
"Cyclic_modules.Typ_a.fst" = '''
module Cyclic_modules.Typ_a
#set-options "--fuel 0 --ifuel 1 --z3rlimit 15"
open Core
open FStar.Mul

include Cyclic_modules.Bundle_typ_a {t_TRec as t_TRec}

include Cyclic_modules.Bundle_typ_a {TRec_T as TRec_T}

include Cyclic_modules.Bundle_typ_a {TRec_Empty as TRec_Empty}

include Cyclic_modules.Bundle_typ_a {t_T as t_T}

include Cyclic_modules.Bundle_typ_a {T_T as T_T}
'''
"Cyclic_modules.Typ_b.fst" = '''
module Cyclic_modules.Typ_b
#set-options "--fuel 0 --ifuel 1 --z3rlimit 15"
open Core
open FStar.Mul

include Cyclic_modules.Bundle_typ_a {t_T1Rec as t_T1Rec}

include Cyclic_modules.Bundle_typ_a {T1Rec_T1 as T1Rec_T1}

include Cyclic_modules.Bundle_typ_a {t_T2Rec as t_T2Rec}

include Cyclic_modules.Bundle_typ_a {T2Rec_T2 as T2Rec_T2}

include Cyclic_modules.Bundle_typ_a {t_T1_cast_to_repr as t_T1_cast_to_repr}

include Cyclic_modules.Bundle_typ_a {t_T1 as t_T1}

include Cyclic_modules.Bundle_typ_a {T1_T1 as T1_T1}

include Cyclic_modules.Bundle_typ_a {t_T2 as t_T2}

include Cyclic_modules.Bundle_typ_a {T2_T2 as T2_T2}
'''
"Cyclic_modules.Variant_constructor_a.fst" = '''
module Cyclic_modules.Variant_constructor_a
#set-options "--fuel 0 --ifuel 1 --z3rlimit 15"
open Core
open FStar.Mul

include Cyclic_modules.Bundle_variant_constructor_a {t_Context as t_Context}

include Cyclic_modules.Bundle_variant_constructor_a {Context_A as Context_A}

include Cyclic_modules.Bundle_variant_constructor_a {Context_B as Context_B}

include Cyclic_modules.Bundle_variant_constructor_a {f as f}

include Cyclic_modules.Bundle_variant_constructor_a {impl__test as impl_Context__test}
'''
"Cyclic_modules.Variant_constructor_b.fst" = '''
module Cyclic_modules.Variant_constructor_b
#set-options "--fuel 0 --ifuel 1 --z3rlimit 15"
open Core
open FStar.Mul

include Cyclic_modules.Bundle_variant_constructor_a {h as h}
'''
"Cyclic_modules.fst" = '''
module Cyclic_modules
#set-options "--fuel 0 --ifuel 1 --z3rlimit 15"
open Core
open FStar.Mul

include Cyclic_modules.Bundle {f as f}

include Cyclic_modules.Bundle {h as h}

include Cyclic_modules.Bundle {h2 as h2}
'''
